%!Adobe-FontList 1.16
%Locale:0x419

%BeginFont
Handler:DirectoryHandler
FontType:TrueType
FontName:OpenSansCondensed-Bold
FamilyName:Open Sans Condensed
StyleName:Bold
FullName:Open Sans Condensed Bold
MenuName:Open Sans Condensed
StyleBits:2
WritingScript:Roman
OutlineFileName:F:\web_\GitHub\Limpon\Limpon\Font\OpenSansCondensed-Bold.ttf
DataFormat:sfntData
FileLength:137984
FileModTime:1304884800
WeightClass:700
WidthClass:3
AngleClass:0
NameArray:0,Win,1,Open Sans Condensed
%EndFont

%BeginFont
Handler:DirectoryHandler
FontType:TrueType
FontName:OpenSansCondensed-Light
FamilyName:Open Sans Condensed
StyleName:Light
FullName:Open Sans Condensed Light
MenuName:Open Sans Condensed Light
StyleBits:0
WritingScript:Roman
OutlineFileName:F:\web_\GitHub\Limpon\Limpon\Font\OpenSansCondensed-Light.ttf
DataFormat:sfntData
FileLength:100344
FileModTime:1304884800
WeightClass:300
WidthClass:3
AngleClass:0
NameArray:0,Win,1,Open Sans Condensed Light
NameArray:0,Win,16,Open Sans Condensed
%EndFont

%BeginFont
Handler:DirectoryHandler
FontType:TrueType
FontName:OpenSansCondensed-LightItalic
FamilyName:Open Sans Condensed
StyleName:Light Italic
FullName:Open Sans Condensed Light Italic
MenuName:Open Sans Condensed Light
StyleBits:1
WritingScript:Roman
OutlineFileName:F:\web_\GitHub\Limpon\Limpon\Font\OpenSansCondensed-LightItalic.ttf
DataFormat:sfntData
FileLength:90120
FileModTime:1304884800
WeightClass:300
WidthClass:3
AngleClass:1
NameArray:0,Win,1,Open Sans Condensed Light
NameArray:0,Win,16,Open Sans Condensed
%EndFont

